// Jest Snapshot v1, https://goo.gl/fbAQLP

exports[`Tests snapshots of components renders correctly 1`] = `
<div
  className="Calculator"
>
  <div
    className="Calculator-Title"
  >
    <h2>
      Let's do some math!
    </h2>
  </div>
  <div
    className="Calc-Half"
  >
    <div
      className="Container"
    >
      <div
        className="Display"
        role="textbox"
      >
        0
      </div>
      <div
        className="Button-Container"
      >
        <button
          className="Button Normal"
          name="AC"
          onClick={[Function]}
          type="button"
        >
          AC
        </button>
        <button
          className="Button Normal"
          name="+/-"
          onClick={[Function]}
          type="button"
        >
          +/-
        </button>
        <button
          className="Button Normal"
          name="%"
          onClick={[Function]}
          type="button"
        >
          %
        </button>
        <button
          className="Button End"
          name="รท"
          onClick={[Function]}
          type="button"
        >
          รท
        </button>
        <button
          className="Button Normal"
          name="7"
          onClick={[Function]}
          type="button"
        >
          7
        </button>
        <button
          className="Button Normal"
          name="8"
          onClick={[Function]}
          type="button"
        >
          8
        </button>
        <button
          className="Button Normal"
          name="9"
          onClick={[Function]}
          type="button"
        >
          9
        </button>
        <button
          className="Button End"
          name="x"
          onClick={[Function]}
          type="button"
        >
          x
        </button>
        <button
          className="Button Normal"
          name="4"
          onClick={[Function]}
          type="button"
        >
          4
        </button>
        <button
          className="Button Normal"
          name="5"
          onClick={[Function]}
          type="button"
        >
          5
        </button>
        <button
          className="Button Normal"
          name="6"
          onClick={[Function]}
          type="button"
        >
          6
        </button>
        <button
          className="Button End"
          name="-"
          onClick={[Function]}
          type="button"
        >
          -
        </button>
        <button
          className="Button Normal"
          name="1"
          onClick={[Function]}
          type="button"
        >
          1
        </button>
        <button
          className="Button Normal"
          name="2"
          onClick={[Function]}
          type="button"
        >
          2
        </button>
        <button
          className="Button Normal"
          name="3"
          onClick={[Function]}
          type="button"
        >
          3
        </button>
        <button
          className="Button End"
          name="+"
          onClick={[Function]}
          type="button"
        >
          +
        </button>
        <button
          className="Button Normal Zero"
          name="0"
          onClick={[Function]}
          type="button"
        >
          0
        </button>
        <button
          className="Button Normal"
          name="."
          onClick={[Function]}
          type="button"
        >
          .
        </button>
        <button
          className="Button End"
          name="="
          onClick={[Function]}
          type="button"
        >
          =
        </button>
      </div>
    </div>
  </div>
</div>
`;

exports[`Tests snapshots of components renders correctly 2`] = `
<div
  className="Home-Container"
>
  <h2>
    Welcome to our page!
  </h2>
  <p
    className="Home-Info"
  >
    Math magicians is a website for all fans of mathematics. It is a Single Page App (SPA) that allows users to: Make simple calculations. Read a random math-related quote. Lorem ipsum dolor sit amet consectetur adipisicing elit. Maxime mollitia, molestiae quas vel sint commodi repudiandae consequuntur voluptatum laborum numquam blanditiis harum quisquam eius sed odit fugiat iusto fuga praesentium optio, eaque rerum! Provident similique accusantium nemo autem. Veritatis obcaecati tenetur iure eius earum ut molestias architecto voluptate aliquam nihil, eveniet aliquid culpa officia aut! Impedit sit sunt quaerat, odit, tenetur error, harum nesciunt ipsum debitis quas aliquid. Reprehenderit, quia. Quo neque error repudiandae fuga? Ipsa laudantium molestias eos sapiente officiis modi at sunt excepturi expedita sint?
  </p>
  <p
    className="Home-Info"
  >
    Math magicians is a website for all fans of mathematics. It is a Single Page App (SPA) that allows users to: Make simple calculations. Read a random math-related quote. Lorem ipsum dolor sit amet consectetur adipisicing elit. Maxime mollitia, molestiae quas vel sint commodi repudiandae consequuntur voluptatum laborum numquam blanditiis harum quisquam eius sed odit fugiat iusto fuga praesentium optio, eaque rerum! Provident similique accusantium nemo autem. Veritatis obcaecati tenetur iure eius earum ut molestias architecto voluptate aliquam nihil, eveniet aliquid culpa officia aut! Impedit sit sunt quaerat, odit, tenetur error, harum nesciunt ipsum debitis quas aliquid. Reprehenderit, quia. Quo neque error repudiandae fuga? Ipsa laudantium molestias eos sapiente officiis modi at sunt excepturi expedita sint?
  </p>
  <p
    className="Home-Info"
  >
    Math magicians is a website for all fans of mathematics. It is a Single Page App (SPA) that allows users to: Make simple calculations. Read a random math-related quote. Lorem ipsum dolor sit amet consectetur adipisicing elit. Maxime mollitia, molestiae quas vel sint commodi repudiandae consequuntur voluptatum laborum numquam blanditiis harum quisquam eius sed odit fugiat iusto fuga praesentium optio, eaque rerum! Provident similique accusantium nemo autem. Veritatis obcaecati tenetur iure eius earum ut molestias architecto voluptate aliquam nihil, eveniet aliquid culpa officia aut! Impedit sit sunt quaerat, odit, tenetur error, harum nesciunt ipsum debitis quas aliquid. Reprehenderit, quia. Quo neque error repudiandae fuga? Ipsa laudantium molestias eos sapiente officiis modi at sunt excepturi expedita sint?
  </p>
</div>
`;

exports[`Tests snapshots of components renders correctly 3`] = `
<div
  className="Quote-Container"
>
  <h3>
    Mathematics is not about numbers, equations, computations, or algorithms: it is about understanding. -William Paul Thurston
  </h3>
</div>
`;
